// Jest Snapshot v1, https://goo.gl/fbAQLP

exports[`Currency Component should render correctly with all required props 1`] = `ShallowWrapper {}`;
